Archive member included to satisfy reference by file (symbol)

/opt/homebrew/Cellar/arm-none-eabi-gcc/10.3-2021.07/gcc/bin/../lib/gcc/arm-none-eabi/10.3.1/thumb/v7e-m/nofp/libgcc.a(_aeabi_uldivmod.o)
                              CMakeFiles/A1_Drive.elf.dir/Drivers/STM32F4xx_HAL_Driver/Src/stm32f4xx_hal_rcc.c.obj (__aeabi_uldivmod)
/opt/homebrew/Cellar/arm-none-eabi-gcc/10.3-2021.07/gcc/bin/../lib/gcc/arm-none-eabi/10.3.1/thumb/v7e-m/nofp/libgcc.a(_udivmoddi4.o)
                              /opt/homebrew/Cellar/arm-none-eabi-gcc/10.3-2021.07/gcc/bin/../lib/gcc/arm-none-eabi/10.3.1/thumb/v7e-m/nofp/libgcc.a(_aeabi_uldivmod.o) (__udivmoddi4)
/opt/homebrew/Cellar/arm-none-eabi-gcc/10.3-2021.07/gcc/bin/../lib/gcc/arm-none-eabi/10.3.1/thumb/v7e-m/nofp/libgcc.a(_dvmd_tls.o)
                              /opt/homebrew/Cellar/arm-none-eabi-gcc/10.3-2021.07/gcc/bin/../lib/gcc/arm-none-eabi/10.3.1/thumb/v7e-m/nofp/libgcc.a(_aeabi_uldivmod.o) (__aeabi_ldiv0)
/opt/homebrew/Cellar/arm-none-eabi-gcc/10.3-2021.07/gcc/bin/../lib/gcc/arm-none-eabi/10.3.1/../../../../arm-none-eabi/lib/thumb/v7e-m/nofp/libg.a(lib_a-errno.o)
                              CMakeFiles/A1_Drive.elf.dir/Src/syscalls.c.obj (__errno)
/opt/homebrew/Cellar/arm-none-eabi-gcc/10.3-2021.07/gcc/bin/../lib/gcc/arm-none-eabi/10.3.1/../../../../arm-none-eabi/lib/thumb/v7e-m/nofp/libg.a(lib_a-exit.o)
                              /opt/homebrew/Cellar/arm-none-eabi-gcc/10.3-2021.07/gcc/bin/../lib/gcc/arm-none-eabi/10.3.1/../../../../arm-none-eabi/lib/thumb/v7e-m/nofp/crt0.o (exit)
/opt/homebrew/Cellar/arm-none-eabi-gcc/10.3-2021.07/gcc/bin/../lib/gcc/arm-none-eabi/10.3.1/../../../../arm-none-eabi/lib/thumb/v7e-m/nofp/libg.a(lib_a-impure.o)
                              /opt/homebrew/Cellar/arm-none-eabi-gcc/10.3-2021.07/gcc/bin/../lib/gcc/arm-none-eabi/10.3.1/../../../../arm-none-eabi/lib/thumb/v7e-m/nofp/libg.a(lib_a-exit.o) (_global_impure_ptr)
/opt/homebrew/Cellar/arm-none-eabi-gcc/10.3-2021.07/gcc/bin/../lib/gcc/arm-none-eabi/10.3.1/../../../../arm-none-eabi/lib/thumb/v7e-m/nofp/libg.a(lib_a-init.o)
                              /opt/homebrew/Cellar/arm-none-eabi-gcc/10.3-2021.07/gcc/bin/../lib/gcc/arm-none-eabi/10.3.1/../../../../arm-none-eabi/lib/thumb/v7e-m/nofp/crt0.o (__libc_init_array)
/opt/homebrew/Cellar/arm-none-eabi-gcc/10.3-2021.07/gcc/bin/../lib/gcc/arm-none-eabi/10.3.1/../../../../arm-none-eabi/lib/thumb/v7e-m/nofp/libg.a(lib_a-memset.o)
                              /opt/homebrew/Cellar/arm-none-eabi-gcc/10.3-2021.07/gcc/bin/../lib/gcc/arm-none-eabi/10.3.1/../../../../arm-none-eabi/lib/thumb/v7e-m/nofp/crt0.o (memset)
/opt/homebrew/Cellar/arm-none-eabi-gcc/10.3-2021.07/gcc/bin/../lib/gcc/arm-none-eabi/10.3.1/../../../../arm-none-eabi/lib/thumb/v7e-m/nofp/libg.a(lib_a-__call_atexit.o)
                              /opt/homebrew/Cellar/arm-none-eabi-gcc/10.3-2021.07/gcc/bin/../lib/gcc/arm-none-eabi/10.3.1/../../../../arm-none-eabi/lib/thumb/v7e-m/nofp/libg.a(lib_a-exit.o) (__call_exitprocs)
/opt/homebrew/Cellar/arm-none-eabi-gcc/10.3-2021.07/gcc/bin/../lib/gcc/arm-none-eabi/10.3.1/../../../../arm-none-eabi/lib/thumb/v7e-m/nofp/libg.a(lib_a-atexit.o)
                              /opt/homebrew/Cellar/arm-none-eabi-gcc/10.3-2021.07/gcc/bin/../lib/gcc/arm-none-eabi/10.3.1/../../../../arm-none-eabi/lib/thumb/v7e-m/nofp/libg.a(lib_a-__call_atexit.o) (atexit)
/opt/homebrew/Cellar/arm-none-eabi-gcc/10.3-2021.07/gcc/bin/../lib/gcc/arm-none-eabi/10.3.1/../../../../arm-none-eabi/lib/thumb/v7e-m/nofp/libg.a(lib_a-fini.o)
                              /opt/homebrew/Cellar/arm-none-eabi-gcc/10.3-2021.07/gcc/bin/../lib/gcc/arm-none-eabi/10.3.1/../../../../arm-none-eabi/lib/thumb/v7e-m/nofp/libg.a(lib_a-__call_atexit.o) (__libc_fini_array)
/opt/homebrew/Cellar/arm-none-eabi-gcc/10.3-2021.07/gcc/bin/../lib/gcc/arm-none-eabi/10.3.1/../../../../arm-none-eabi/lib/thumb/v7e-m/nofp/libg.a(lib_a-lock.o)
                              /opt/homebrew/Cellar/arm-none-eabi-gcc/10.3-2021.07/gcc/bin/../lib/gcc/arm-none-eabi/10.3.1/../../../../arm-none-eabi/lib/thumb/v7e-m/nofp/libg.a(lib_a-__call_atexit.o) (__retarget_lock_acquire_recursive)
/opt/homebrew/Cellar/arm-none-eabi-gcc/10.3-2021.07/gcc/bin/../lib/gcc/arm-none-eabi/10.3.1/../../../../arm-none-eabi/lib/thumb/v7e-m/nofp/libg.a(lib_a-__atexit.o)
                              /opt/homebrew/Cellar/arm-none-eabi-gcc/10.3-2021.07/gcc/bin/../lib/gcc/arm-none-eabi/10.3.1/../../../../arm-none-eabi/lib/thumb/v7e-m/nofp/libg.a(lib_a-atexit.o) (__register_exitproc)

Discarded input sections

 .text          0x0000000000000000        0x0 /opt/homebrew/Cellar/arm-none-eabi-gcc/10.3-2021.07/gcc/bin/../lib/gcc/arm-none-eabi/10.3.1/thumb/v7e-m/nofp/crti.o
 .data          0x0000000000000000        0x0 /opt/homebrew/Cellar/arm-none-eabi-gcc/10.3-2021.07/gcc/bin/../lib/gcc/arm-none-eabi/10.3.1/thumb/v7e-m/nofp/crti.o
[...]
Memory Configuration

Name             Origin             Length             Attributes
RAM              0x0000000020000000 0x0000000000020000 xrw
CCMRAM           0x0000000010000000 0x0000000000010000 xrw
FLASH            0x0000000008000000 0x0000000000100000 xr
*default*        0x0000000000000000 0xffffffffffffffff

Linker script and memory map

LOAD /opt/homebrew/Cellar/arm-none-eabi-gcc/10.3-2021.07/gcc/bin/../lib/gcc/arm-none-eabi/10.3.1/thumb/v7e-m/nofp/crti.o
LOAD /opt/homebrew/Cellar/arm-none-eabi-gcc/10.3-2021.07/gcc/bin/../lib/gcc/arm-none-eabi/10.3.1/thumb/v7e-m/nofp/crtbegin.o
LOAD /opt/homebrew/Cellar/arm-none-eabi-gcc/10.3-2021.07/gcc/bin/../lib/gcc/arm-none-eabi/10.3.1/../../../../arm-none-eabi/lib/thumb/v7e-m/nofp/crt0.o
LOAD CMakeFiles/A1_Drive.elf.dir/Drivers/STM32F4xx_HAL_Driver/Src/stm32f4xx_hal.c.obj
LOAD CMakeFiles/A1_Drive.elf.dir/Drivers/STM32F4xx_HAL_Driver/Src/stm32f4xx_hal_cortex.c.obj
LOAD CMakeFiles/A1_Drive.elf.dir/Drivers/STM32F4xx_HAL_Driver/Src/stm32f4xx_hal_dma.c.obj
LOAD CMakeFiles/A1_Drive.elf.dir/Drivers/STM32F4xx_HAL_Driver/Src/stm32f4xx_hal_dma_ex.c.obj
LOAD CMakeFiles/A1_Drive.elf.dir/Drivers/STM32F4xx_HAL_Driver/Src/stm32f4xx_hal_exti.c.obj
LOAD CMakeFiles/A1_Drive.elf.dir/Drivers/STM32F4xx_HAL_Driver/Src/stm32f4xx_hal_flash.c.obj
LOAD CMakeFiles/A1_Drive.elf.dir/Drivers/STM32F4xx_HAL_Driver/Src/stm32f4xx_hal_flash_ex.c.obj
LOAD CMakeFiles/A1_Drive.elf.dir/Drivers/STM32F4xx_HAL_Driver/Src/stm32f4xx_hal_flash_ramfunc.c.obj
LOAD CMakeFiles/A1_Drive.elf.dir/Drivers/STM32F4xx_HAL_Driver/Src/stm32f4xx_hal_gpio.c.obj
LOAD CMakeFiles/A1_Drive.elf.dir/Drivers/STM32F4xx_HAL_Driver/Src/stm32f4xx_hal_pwr.c.obj
LOAD CMakeFiles/A1_Drive.elf.dir/Drivers/STM32F4xx_HAL_Driver/Src/stm32f4xx_hal_pwr_ex.c.obj
LOAD CMakeFiles/A1_Drive.elf.dir/Drivers/STM32F4xx_HAL_Driver/Src/stm32f4xx_hal_rcc.c.obj
LOAD CMakeFiles/A1_Drive.elf.dir/Drivers/STM32F4xx_HAL_Driver/Src/stm32f4xx_hal_rcc_ex.c.obj
LOAD CMakeFiles/A1_Drive.elf.dir/Drivers/STM32F4xx_HAL_Driver/Src/stm32f4xx_hal_tim.c.obj
LOAD CMakeFiles/A1_Drive.elf.dir/Drivers/STM32F4xx_HAL_Driver/Src/stm32f4xx_hal_tim_ex.c.obj
LOAD CMakeFiles/A1_Drive.elf.dir/Drivers/STM32F4xx_HAL_Driver/Src/stm32f4xx_hal_uart.c.obj
LOAD CMakeFiles/A1_Drive.elf.dir/Lib/Src/A1_Drive.c.obj
LOAD CMakeFiles/A1_Drive.elf.dir/Src/dma.c.obj
LOAD CMakeFiles/A1_Drive.elf.dir/Src/gpio.c.obj
LOAD CMakeFiles/A1_Drive.elf.dir/Src/main.c.obj
LOAD CMakeFiles/A1_Drive.elf.dir/Src/stm32f4xx_hal_msp.c.obj
LOAD CMakeFiles/A1_Drive.elf.dir/Src/stm32f4xx_it.c.obj
LOAD CMakeFiles/A1_Drive.elf.dir/Src/syscalls.c.obj
LOAD CMakeFiles/A1_Drive.elf.dir/Src/system_stm32f4xx.c.obj
LOAD CMakeFiles/A1_Drive.elf.dir/Src/usart.c.obj
LOAD CMakeFiles/A1_Drive.elf.dir/startup/startup_stm32f407xx.s.obj
START GROUP
LOAD /opt/homebrew/Cellar/arm-none-eabi-gcc/10.3-2021.07/gcc/bin/../lib/gcc/arm-none-eabi/10.3.1/thumb/v7e-m/nofp/libgcc.a
LOAD /opt/homebrew/Cellar/arm-none-eabi-gcc/10.3-2021.07/gcc/bin/../lib/gcc/arm-none-eabi/10.3.1/../../../../arm-none-eabi/lib/thumb/v7e-m/nofp/libg.a
LOAD /opt/homebrew/Cellar/arm-none-eabi-gcc/10.3-2021.07/gcc/bin/../lib/gcc/arm-none-eabi/10.3.1/../../../../arm-none-eabi/lib/thumb/v7e-m/nofp/libc.a
END GROUP
LOAD /opt/homebrew/Cellar/arm-none-eabi-gcc/10.3-2021.07/gcc/bin/../lib/gcc/arm-none-eabi/10.3.1/thumb/v7e-m/nofp/crtend.o
LOAD /opt/homebrew/Cellar/arm-none-eabi-gcc/10.3-2021.07/gcc/bin/../lib/gcc/arm-none-eabi/10.3.1/thumb/v7e-m/nofp/crtn.o
                0x0000000020020000                _estack = 0x20020000
                0x0000000000000200                _Min_Heap_Size = 0x200
                0x0000000000000400                _Min_Stack_Size = 0x400

.isr_vector     0x0000000008000000      0x188
                0x0000000008000000                . = ALIGN (0x4)
 *(.isr_vector)
 .isr_vector    0x0000000008000000      0x188 CMakeFiles/A1_Drive.elf.dir/startup/startup_stm32f407xx.s.obj
                0x0000000008000000                g_pfnVectors
                0x0000000008000188                . = ALIGN (0x4)

.text           0x0000000008000188     0x1dd8
                0x0000000008000188                . = ALIGN (0x4)
 *(.text)
 .text          0x0000000008000188       0x40 /opt/homebrew/Cellar/arm-none-eabi-gcc/10.3-2021.07/gcc/bin/../lib/gcc/arm-none-eabi/10.3.1/thumb/v7e-m/nofp/crtbegin.o
 .text          0x00000000080001c8       0x30 /opt/homebrew/Cellar/arm-none-eabi-gcc/10.3-2021.07/gcc/bin/../lib/gcc/arm-none-eabi/10.3.1/thumb/v7e-m/nofp/libgcc.a(_aeabi_uldivmod.o)
                0x00000000080001c8                __aeabi_uldivmod
 .text          0x00000000080001f8      0x2d0 /opt/homebrew/Cellar/arm-none-eabi-gcc/10.3-2021.07/gcc/bin/../lib/gcc/arm-none-eabi/10.3.1/thumb/v7e-m/nofp/libgcc.a(_udivmoddi4.o)
                0x00000000080001f8                __udivmoddi4
 .text          0x00000000080004c8        0x4 /opt/homebrew/Cellar/arm-none-eabi-gcc/10.3-2021.07/gcc/bin/../lib/gcc/arm-none-eabi/10.3.1/thumb/v7e-m/nofp/libgcc.a(_dvmd_tls.o)
                0x00000000080004c8                __aeabi_ldiv0
                0x00000000080004c8                __aeabi_idiv0
 *(.text*)
 .text.HAL_InitTick
                0x00000000080004cc       0x4c CMakeFiles/A1_Drive.elf.dir/Drivers/STM32F4xx_HAL_Driver/Src/stm32f4xx_hal.c.obj
                0x00000000080004cc                HAL_InitTick
 .text.HAL_Init
                0x0000000008000518       0x34 CMakeFiles/A1_Drive.elf.dir/Drivers/STM32F4xx_HAL_Driver/Src/stm32f4xx_hal.c.obj
                0x0000000008000518                HAL_Init
 .text.HAL_IncTick
                0x000000000800054c       0x18 CMakeFiles/A1_Drive.elf.dir/Drivers/STM32F4xx_HAL_Driver/Src/stm32f4xx_hal.c.obj
                0x000000000800054c                HAL_IncTick
 .text.HAL_GetTick
                0x0000000008000564        0xc CMakeFiles/A1_Drive.elf.dir/Drivers/STM32F4xx_HAL_Driver/Src/stm32f4xx_hal.c.obj
                0x0000000008000564                HAL_GetTick
 .text.HAL_NVIC_SetPriorityGrouping
                0x0000000008000570       0x24 CMakeFiles/A1_Drive.elf.dir/Drivers/STM32F4xx_HAL_Driver/Src/stm32f4xx_hal_cortex.c.obj
                0x0000000008000570                HAL_NVIC_SetPriorityGrouping
 .text.HAL_NVIC_SetPriority
                0x0000000008000594       0x70 CMakeFiles/A1_Drive.elf.dir/Drivers/STM32F4xx_HAL_Driver/Src/stm32f4xx_hal_cortex.c.obj
                0x0000000008000594                HAL_NVIC_SetPriority
 .text.HAL_NVIC_EnableIRQ
                0x0000000008000604       0x1c CMakeFiles/A1_Drive.elf.dir/Drivers/STM32F4xx_HAL_Driver/Src/stm32f4xx_hal_cortex.c.obj
                0x0000000008000604                HAL_NVIC_EnableIRQ
 .text.HAL_SYSTICK_Config
                0x0000000008000620       0x28 CMakeFiles/A1_Drive.elf.dir/Drivers/STM32F4xx_HAL_Driver/Src/stm32f4xx_hal_cortex.c.obj
                0x0000000008000620                HAL_SYSTICK_Config
 .text.DMA_CalcBaseAndBitshift
                0x0000000008000648       0x40 CMakeFiles/A1_Drive.elf.dir/Drivers/STM32F4xx_HAL_Driver/Src/stm32f4xx_hal_dma.c.obj
 .text.DMA_CheckFifoParam
                0x0000000008000688       0x8e CMakeFiles/A1_Drive.elf.dir/Drivers/STM32F4xx_HAL_Driver/Src/stm32f4xx_hal_dma.c.obj
 *fill*         0x0000000008000716        0x2 
 .text.HAL_DMA_Init
                0x0000000008000718       0xcc CMakeFiles/A1_Drive.elf.dir/Drivers/STM32F4xx_HAL_Driver/Src/stm32f4xx_hal_dma.c.obj
                0x0000000008000718                HAL_DMA_Init
 .text.HAL_DMA_Abort
                0x00000000080007e4       0x94 CMakeFiles/A1_Drive.elf.dir/Drivers/STM32F4xx_HAL_Driver/Src/stm32f4xx_hal_dma.c.obj
                0x00000000080007e4                HAL_DMA_Abort
 .text.HAL_DMA_Abort_IT
                0x0000000008000878       0x26 CMakeFiles/A1_Drive.elf.dir/Drivers/STM32F4xx_HAL_Driver/Src/stm32f4xx_hal_dma.c.obj
                0x0000000008000878                HAL_DMA_Abort_IT
 *fill*         0x000000000800089e        0x2 
 .text.HAL_DMA_IRQHandler
                0x00000000080008a0      0x1dc CMakeFiles/A1_Drive.elf.dir/Drivers/STM32F4xx_HAL_Driver/Src/stm32f4xx_hal_dma.c.obj
                0x00000000080008a0                HAL_DMA_IRQHandler
 .text.HAL_GPIO_Init
                0x0000000008000a7c      0x1e4 CMakeFiles/A1_Drive.elf.dir/Drivers/STM32F4xx_HAL_Driver/Src/stm32f4xx_hal_gpio.c.obj
                0x0000000008000a7c                HAL_GPIO_Init
 .text.HAL_GPIO_WritePin
                0x0000000008000c60        0xc CMakeFiles/A1_Drive.elf.dir/Drivers/STM32F4xx_HAL_Driver/Src/stm32f4xx_hal_gpio.c.obj
                0x0000000008000c60                HAL_GPIO_WritePin
 .text.HAL_GPIO_TogglePin
                0x0000000008000c6c       0x12 CMakeFiles/A1_Drive.elf.dir/Drivers/STM32F4xx_HAL_Driver/Src/stm32f4xx_hal_gpio.c.obj
                0x0000000008000c6c                HAL_GPIO_TogglePin
 *fill*         0x0000000008000c7e        0x2 
 .text.HAL_RCC_OscConfig
                0x0000000008000c80      0x3f8 CMakeFiles/A1_Drive.elf.dir/Drivers/STM32F4xx_HAL_Driver/Src/stm32f4xx_hal_rcc.c.obj
                0x0000000008000c80                HAL_RCC_OscConfig
 .text.HAL_RCC_GetSysClockFreq
                0x0000000008001078       0xa4 CMakeFiles/A1_Drive.elf.dir/Drivers/STM32F4xx_HAL_Driver/Src/stm32f4xx_hal_rcc.c.obj
                0x0000000008001078                HAL_RCC_GetSysClockFreq
 .text.HAL_RCC_ClockConfig
                0x000000000800111c      0x160 CMakeFiles/A1_Drive.elf.dir/Drivers/STM32F4xx_HAL_Driver/Src/stm32f4xx_hal_rcc.c.obj
                0x000000000800111c                HAL_RCC_ClockConfig
 .text.HAL_RCC_GetHCLKFreq
                0x000000000800127c        0xc CMakeFiles/A1_Drive.elf.dir/Drivers/STM32F4xx_HAL_Driver/Src/stm32f4xx_hal_rcc.c.obj
                0x000000000800127c                HAL_RCC_GetHCLKFreq
 .text.HAL_RCC_GetPCLK1Freq
                0x0000000008001288       0x20 CMakeFiles/A1_Drive.elf.dir/Drivers/STM32F4xx_HAL_Driver/Src/stm32f4xx_hal_rcc.c.obj
                0x0000000008001288                HAL_RCC_GetPCLK1Freq
 .text.HAL_RCC_GetPCLK2Freq
                0x00000000080012a8       0x20 CMakeFiles/A1_Drive.elf.dir/Drivers/STM32F4xx_HAL_Driver/Src/stm32f4xx_hal_rcc.c.obj
                0x00000000080012a8                HAL_RCC_GetPCLK2Freq
 .text.UART_EndRxTransfer
                0x00000000080012c8       0x5c CMakeFiles/A1_Drive.elf.dir/Drivers/STM32F4xx_HAL_Driver/Src/stm32f4xx_hal_uart.c.obj
 .text.UART_Transmit_IT
                0x0000000008001324       0x60 CMakeFiles/A1_Drive.elf.dir/Drivers/STM32F4xx_HAL_Driver/Src/stm32f4xx_hal_uart.c.obj
 .text.UART_SetConfig
                0x0000000008001384      0x110 CMakeFiles/A1_Drive.elf.dir/Drivers/STM32F4xx_HAL_Driver/Src/stm32f4xx_hal_uart.c.obj
 .text.HAL_UART_Init
                0x0000000008001494       0x5e CMakeFiles/A1_Drive.elf.dir/Drivers/STM32F4xx_HAL_Driver/Src/stm32f4xx_hal_uart.c.obj
                0x0000000008001494                HAL_UART_Init
 .text.HAL_UART_TxCpltCallback
                0x00000000080014f2        0x2 CMakeFiles/A1_Drive.elf.dir/Drivers/STM32F4xx_HAL_Driver/Src/stm32f4xx_hal_uart.c.obj
                0x00000000080014f2                HAL_UART_TxCpltCallback
 .text.UART_EndTransmit_IT
                0x00000000080014f4       0x1a CMakeFiles/A1_Drive.elf.dir/Drivers/STM32F4xx_HAL_Driver/Src/stm32f4xx_hal_uart.c.obj
 .text.HAL_UART_RxCpltCallback
                0x000000000800150e        0x2 CMakeFiles/A1_Drive.elf.dir/Drivers/STM32F4xx_HAL_Driver/Src/stm32f4xx_hal_uart.c.obj
                0x000000000800150e                HAL_UART_RxCpltCallback
 .text.HAL_UART_ErrorCallback
                0x0000000008001510        0x2 CMakeFiles/A1_Drive.elf.dir/Drivers/STM32F4xx_HAL_Driver/Src/stm32f4xx_hal_uart.c.obj
                0x0000000008001510                HAL_UART_ErrorCallback
 .text.UART_DMAAbortOnError
                0x0000000008001512       0x10 CMakeFiles/A1_Drive.elf.dir/Drivers/STM32F4xx_HAL_Driver/Src/stm32f4xx_hal_uart.c.obj
 .text.HAL_UARTEx_RxEventCallback
                0x0000000008001522        0x2 CMakeFiles/A1_Drive.elf.dir/Drivers/STM32F4xx_HAL_Driver/Src/stm32f4xx_hal_uart.c.obj
                0x0000000008001522                HAL_UARTEx_RxEventCallback
 .text.UART_Receive_IT
                0x0000000008001524       0xe2 CMakeFiles/A1_Drive.elf.dir/Drivers/STM32F4xx_HAL_Driver/Src/stm32f4xx_hal_uart.c.obj
 *fill*         0x0000000008001606        0x2 
 .text.HAL_UART_IRQHandler
                0x0000000008001608      0x280 CMakeFiles/A1_Drive.elf.dir/Drivers/STM32F4xx_HAL_Driver/Src/stm32f4xx_hal_uart.c.obj
                0x0000000008001608                HAL_UART_IRQHandler
 .text.Usart1_TX_DMA_Init
                0x0000000008001888       0x14 CMakeFiles/A1_Drive.elf.dir/Lib/Src/A1_Drive.c.obj
                0x0000000008001888                Usart1_TX_DMA_Init
 .text.usart1_tx_dma_enable
                0x000000000800189c       0xe4 CMakeFiles/A1_Drive.elf.dir/Lib/Src/A1_Drive.c.obj
                0x000000000800189c                usart1_tx_dma_enable
 .text.crc32_core
                0x0000000008001980       0x58 CMakeFiles/A1_Drive.elf.dir/Lib/Src/A1_Drive.c.obj
                0x0000000008001980                crc32_core
 .text.Mode_Control
                0x00000000080019d8       0x28 CMakeFiles/A1_Drive.elf.dir/Lib/Src/A1_Drive.c.obj
                0x00000000080019d8                Mode_Control
 .text.MX_DMA_Init
                0x0000000008001a00       0x34 CMakeFiles/A1_Drive.elf.dir/Src/dma.c.obj
                0x0000000008001a00                MX_DMA_Init
 .text.MX_GPIO_Init
                0x0000000008001a34       0x80 CMakeFiles/A1_Drive.elf.dir/Src/gpio.c.obj
                0x0000000008001a34                MX_GPIO_Init
 .text.Error_Handler
                0x0000000008001ab4        0x4 CMakeFiles/A1_Drive.elf.dir/Src/main.c.obj
                0x0000000008001ab4                Error_Handler
 .text.SystemClock_Config
                0x0000000008001ab8       0xa8 CMakeFiles/A1_Drive.elf.dir/Src/main.c.obj
                0x0000000008001ab8                SystemClock_Config
 .text.main     0x0000000008001b60       0x24 CMakeFiles/A1_Drive.elf.dir/Src/main.c.obj
                0x0000000008001b60                main
 .text.HAL_MspInit
                0x0000000008001b84       0x38 CMakeFiles/A1_Drive.elf.dir/Src/stm32f4xx_hal_msp.c.obj
                0x0000000008001b84                HAL_MspInit
 .text.NMI_Handler
                0x0000000008001bbc        0x2 CMakeFiles/A1_Drive.elf.dir/Src/stm32f4xx_it.c.obj
                0x0000000008001bbc                NMI_Handler
 .text.HardFault_Handler
                0x0000000008001bbe        0x2 CMakeFiles/A1_Drive.elf.dir/Src/stm32f4xx_it.c.obj
                0x0000000008001bbe                HardFault_Handler
 .text.MemManage_Handler
                0x0000000008001bc0        0x2 CMakeFiles/A1_Drive.elf.dir/Src/stm32f4xx_it.c.obj
                0x0000000008001bc0                MemManage_Handler
 .text.BusFault_Handler
                0x0000000008001bc2        0x2 CMakeFiles/A1_Drive.elf.dir/Src/stm32f4xx_it.c.obj
                0x0000000008001bc2                BusFault_Handler
 .text.UsageFault_Handler
                0x0000000008001bc4        0x2 CMakeFiles/A1_Drive.elf.dir/Src/stm32f4xx_it.c.obj
                0x0000000008001bc4                UsageFault_Handler
 .text.SVC_Handler
                0x0000000008001bc6        0x2 CMakeFiles/A1_Drive.elf.dir/Src/stm32f4xx_it.c.obj
                0x0000000008001bc6                SVC_Handler
 .text.DebugMon_Handler
                0x0000000008001bc8        0x2 CMakeFiles/A1_Drive.elf.dir/Src/stm32f4xx_it.c.obj
                0x0000000008001bc8                DebugMon_Handler
 .text.PendSV_Handler
                0x0000000008001bca        0x2 CMakeFiles/A1_Drive.elf.dir/Src/stm32f4xx_it.c.obj
                0x0000000008001bca                PendSV_Handler
 .text.SysTick_Handler
                0x0000000008001bcc        0x8 CMakeFiles/A1_Drive.elf.dir/Src/stm32f4xx_it.c.obj
                0x0000000008001bcc                SysTick_Handler
 .text.USART1_IRQHandler
                0x0000000008001bd4       0x10 CMakeFiles/A1_Drive.elf.dir/Src/stm32f4xx_it.c.obj
                0x0000000008001bd4                USART1_IRQHandler
 .text.DMA2_Stream7_IRQHandler
                0x0000000008001be4       0x10 CMakeFiles/A1_Drive.elf.dir/Src/stm32f4xx_it.c.obj
                0x0000000008001be4                DMA2_Stream7_IRQHandler
 .text.SystemInit
                0x0000000008001bf4        0x2 CMakeFiles/A1_Drive.elf.dir/Src/system_stm32f4xx.c.obj
                0x0000000008001bf4                SystemInit
 *fill*         0x0000000008001bf6        0x2 
 .text.MX_USART1_UART_Init
                0x0000000008001bf8       0x38 CMakeFiles/A1_Drive.elf.dir/Src/usart.c.obj
                0x0000000008001bf8                MX_USART1_UART_Init
 .text.HAL_UART_MspInit
                0x0000000008001c30       0xf8 CMakeFiles/A1_Drive.elf.dir/Src/usart.c.obj
                0x0000000008001c30                HAL_UART_MspInit
 .text.Reset_Handler
                0x0000000008001d28       0x50 CMakeFiles/A1_Drive.elf.dir/startup/startup_stm32f407xx.s.obj
                0x0000000008001d28                Reset_Handler
 .text.Default_Handler
                0x0000000008001d78        0x2 CMakeFiles/A1_Drive.elf.dir/startup/startup_stm32f407xx.s.obj
                0x0000000008001d78                DMA1_Stream3_IRQHandler
                0x0000000008001d78                HASH_RNG_IRQHandler
                0x0000000008001d78                EXTI2_IRQHandler
                0x0000000008001d78                TIM8_CC_IRQHandler
                0x0000000008001d78                TIM1_CC_IRQHandler
                0x0000000008001d78                DMA2_Stream5_IRQHandler
                0x0000000008001d78                DMA1_Stream5_IRQHandler
                0x0000000008001d78                PVD_IRQHandler
                0x0000000008001d78                SDIO_IRQHandler
                0x0000000008001d78                TAMP_STAMP_IRQHandler
                0x0000000008001d78                CAN2_RX1_IRQHandler
                0x0000000008001d78                EXTI3_IRQHandler
                0x0000000008001d78                TIM8_TRG_COM_TIM14_IRQHandler
                0x0000000008001d78                TIM1_UP_TIM10_IRQHandler
                0x0000000008001d78                TIM8_UP_TIM13_IRQHandler
                0x0000000008001d78                I2C3_ER_IRQHandler
                0x0000000008001d78                EXTI0_IRQHandler
                0x0000000008001d78                I2C2_EV_IRQHandler
                0x0000000008001d78                DMA1_Stream2_IRQHandler
                0x0000000008001d78                CAN1_RX0_IRQHandler
                0x0000000008001d78                FPU_IRQHandler
                0x0000000008001d78                OTG_HS_WKUP_IRQHandler
                0x0000000008001d78                CAN2_SCE_IRQHandler
                0x0000000008001d78                DMA2_Stream2_IRQHandler
                0x0000000008001d78                SPI1_IRQHandler
                0x0000000008001d78                TIM6_DAC_IRQHandler
                0x0000000008001d78                TIM1_BRK_TIM9_IRQHandler
                0x0000000008001d78                DCMI_IRQHandler
                0x0000000008001d78                CAN2_RX0_IRQHandler
                0x0000000008001d78                DMA2_Stream3_IRQHandler
                0x0000000008001d78                USART6_IRQHandler
                0x0000000008001d78                USART3_IRQHandler
                0x0000000008001d78                CAN1_RX1_IRQHandler
                0x0000000008001d78                UART5_IRQHandler
                0x0000000008001d78                DMA2_Stream0_IRQHandler
                0x0000000008001d78                TIM4_IRQHandler
                0x0000000008001d78                I2C1_EV_IRQHandler
                0x0000000008001d78                DMA1_Stream6_IRQHandler
                0x0000000008001d78                DMA1_Stream1_IRQHandler
                0x0000000008001d78                UART4_IRQHandler
                0x0000000008001d78                TIM3_IRQHandler
                0x0000000008001d78                RCC_IRQHandler
                0x0000000008001d78                TIM8_BRK_TIM12_IRQHandler
                0x0000000008001d78                Default_Handler
                0x0000000008001d78                EXTI15_10_IRQHandler
                0x0000000008001d78                ADC_IRQHandler
                0x0000000008001d78                DMA1_Stream7_IRQHandler
                0x0000000008001d78                TIM7_IRQHandler
                0x0000000008001d78                CAN2_TX_IRQHandler
                0x0000000008001d78                TIM5_IRQHandler
                0x0000000008001d78                I2C3_EV_IRQHandler
                0x0000000008001d78                EXTI9_5_IRQHandler
                0x0000000008001d78                RTC_WKUP_IRQHandler
                0x0000000008001d78                ETH_WKUP_IRQHandler
                0x0000000008001d78                SPI2_IRQHandler
                0x0000000008001d78                OTG_HS_EP1_IN_IRQHandler
                0x0000000008001d78                DMA1_Stream0_IRQHandler
                0x0000000008001d78                CAN1_TX_IRQHandler
                0x0000000008001d78                EXTI4_IRQHandler
                0x0000000008001d78                FSMC_IRQHandler
                0x0000000008001d78                ETH_IRQHandler
                0x0000000008001d78                OTG_HS_EP1_OUT_IRQHandler
                0x0000000008001d78                WWDG_IRQHandler
                0x0000000008001d78                TIM2_IRQHandler
                0x0000000008001d78                OTG_FS_WKUP_IRQHandler
                0x0000000008001d78                TIM1_TRG_COM_TIM11_IRQHandler
                0x0000000008001d78                OTG_HS_IRQHandler
                0x0000000008001d78                EXTI1_IRQHandler
                0x0000000008001d78                USART2_IRQHandler
                0x0000000008001d78                I2C2_ER_IRQHandler
                0x0000000008001d78                DMA2_Stream1_IRQHandler
                0x0000000008001d78                CAN1_SCE_IRQHandler
                0x0000000008001d78                FLASH_IRQHandler
                0x0000000008001d78                DMA2_Stream4_IRQHandler
                0x0000000008001d78                OTG_FS_IRQHandler
                0x0000000008001d78                SPI3_IRQHandler
                0x0000000008001d78                DMA1_Stream4_IRQHandler
                0x0000000008001d78                I2C1_ER_IRQHandler
                0x0000000008001d78                DMA2_Stream6_IRQHandler
                0x0000000008001d78                RTC_Alarm_IRQHandler
 *fill*         0x0000000008001d7a        0x2 
 .text.__libc_init_array
                0x0000000008001d7c       0x48 /opt/homebrew/Cellar/arm-none-eabi-gcc/10.3-2021.07/gcc/bin/../lib/gcc/arm-none-eabi/10.3.1/../../../../arm-none-eabi/lib/thumb/v7e-m/nofp/libg.a(lib_a-init.o)
                0x0000000008001d7c                __libc_init_array
 .text.memset   0x0000000008001dc4       0xa4 /opt/homebrew/Cellar/arm-none-eabi-gcc/10.3-2021.07/gcc/bin/../lib/gcc/arm-none-eabi/10.3.1/../../../../arm-none-eabi/lib/thumb/v7e-m/nofp/libg.a(lib_a-memset.o)
                0x0000000008001dc4                memset
 .text.startup.register_fini
                0x0000000008001e68       0x14 /opt/homebrew/Cellar/arm-none-eabi-gcc/10.3-2021.07/gcc/bin/../lib/gcc/arm-none-eabi/10.3.1/../../../../arm-none-eabi/lib/thumb/v7e-m/nofp/libg.a(lib_a-__call_atexit.o)
 .text.atexit   0x0000000008001e7c        0xc /opt/homebrew/Cellar/arm-none-eabi-gcc/10.3-2021.07/gcc/bin/../lib/gcc/arm-none-eabi/10.3.1/../../../../arm-none-eabi/lib/thumb/v7e-m/nofp/libg.a(lib_a-atexit.o)
                0x0000000008001e7c                atexit
 .text.__libc_fini_array
                0x0000000008001e88       0x2c /opt/homebrew/Cellar/arm-none-eabi-gcc/10.3-2021.07/gcc/bin/../lib/gcc/arm-none-eabi/10.3.1/../../../../arm-none-eabi/lib/thumb/v7e-m/nofp/libg.a(lib_a-fini.o)
                0x0000000008001e88                __libc_fini_array
 .text.__retarget_lock_acquire_recursive
                0x0000000008001eb4        0x4 /opt/homebrew/Cellar/arm-none-eabi-gcc/10.3-2021.07/gcc/bin/../lib/gcc/arm-none-eabi/10.3.1/../../../../arm-none-eabi/lib/thumb/v7e-m/nofp/libg.a(lib_a-lock.o)
                0x0000000008001eb4                __retarget_lock_acquire_recursive
 .text.__retarget_lock_release_recursive
                0x0000000008001eb8        0x4 /opt/homebrew/Cellar/arm-none-eabi-gcc/10.3-2021.07/gcc/bin/../lib/gcc/arm-none-eabi/10.3.1/../../../../arm-none-eabi/lib/thumb/v7e-m/nofp/libg.a(lib_a-lock.o)
                0x0000000008001eb8                __retarget_lock_release_recursive
 .text.__register_exitproc
                0x0000000008001ebc       0x8c /opt/homebrew/Cellar/arm-none-eabi-gcc/10.3-2021.07/gcc/bin/../lib/gcc/arm-none-eabi/10.3.1/../../../../arm-none-eabi/lib/thumb/v7e-m/nofp/libg.a(lib_a-__atexit.o)
                0x0000000008001ebc                __register_exitproc
 *(.glue_7)
 .glue_7        0x0000000008001f48        0x0 linker stubs
 *(.glue_7t)
 .glue_7t       0x0000000008001f48        0x0 linker stubs
 *(.eh_frame)
 .eh_frame      0x0000000008001f48        0x0 /opt/homebrew/Cellar/arm-none-eabi-gcc/10.3-2021.07/gcc/bin/../lib/gcc/arm-none-eabi/10.3.1/thumb/v7e-m/nofp/crtbegin.o
 *(.init)
 .init          0x0000000008001f48        0x4 /opt/homebrew/Cellar/arm-none-eabi-gcc/10.3-2021.07/gcc/bin/../lib/gcc/arm-none-eabi/10.3.1/thumb/v7e-m/nofp/crti.o
                0x0000000008001f48                _init
 .init          0x0000000008001f4c        0x8 /opt/homebrew/Cellar/arm-none-eabi-gcc/10.3-2021.07/gcc/bin/../lib/gcc/arm-none-eabi/10.3.1/thumb/v7e-m/nofp/crtn.o
 *(.fini)
 .fini          0x0000000008001f54        0x4 /opt/homebrew/Cellar/arm-none-eabi-gcc/10.3-2021.07/gcc/bin/../lib/gcc/arm-none-eabi/10.3.1/thumb/v7e-m/nofp/crti.o
                0x0000000008001f54                _fini
 .fini          0x0000000008001f58        0x8 /opt/homebrew/Cellar/arm-none-eabi-gcc/10.3-2021.07/gcc/bin/../lib/gcc/arm-none-eabi/10.3.1/thumb/v7e-m/nofp/crtn.o
                0x0000000008001f60                . = ALIGN (0x4)
                0x0000000008001f60                _etext = .

.vfp11_veneer   0x0000000008001f60        0x0
 .vfp11_veneer  0x0000000008001f60        0x0 linker stubs

.v4_bx          0x0000000008001f60        0x0
 .v4_bx         0x0000000008001f60        0x0 linker stubs

.iplt           0x0000000008001f60        0x0
 .iplt          0x0000000008001f60        0x0 /opt/homebrew/Cellar/arm-none-eabi-gcc/10.3-2021.07/gcc/bin/../lib/gcc/arm-none-eabi/10.3.1/thumb/v7e-m/nofp/crtbegin.o

.rodata         0x0000000008001f60       0x24
                0x0000000008001f60                . = ALIGN (0x4)
 *(.rodata)
 *(.rodata*)
 .rodata.flagBitshiftOffset.0
                0x0000000008001f60        0x8 CMakeFiles/A1_Drive.elf.dir/Drivers/STM32F4xx_HAL_Driver/Src/stm32f4xx_hal_dma.c.obj
 .rodata.AHBPrescTable
                0x0000000008001f68       0x10 CMakeFiles/A1_Drive.elf.dir/Src/system_stm32f4xx.c.obj
                0x0000000008001f68                AHBPrescTable
 .rodata.APBPrescTable
                0x0000000008001f78        0x8 CMakeFiles/A1_Drive.elf.dir/Src/system_stm32f4xx.c.obj
                0x0000000008001f78                APBPrescTable
 .rodata._global_impure_ptr
                0x0000000008001f80        0x4 /opt/homebrew/Cellar/arm-none-eabi-gcc/10.3-2021.07/gcc/bin/../lib/gcc/arm-none-eabi/10.3.1/../../../../arm-none-eabi/lib/thumb/v7e-m/nofp/libg.a(lib_a-impure.o)
                0x0000000008001f80                _global_impure_ptr
                0x0000000008001f84                . = ALIGN (0x4)

.ARM.extab
 *(.ARM.extab* .gnu.linkonce.armextab.*)

.ARM            0x0000000008001f84        0x8
                0x0000000008001f84                __exidx_start = .
 *(.ARM.exidx*)
 .ARM.exidx     0x0000000008001f84        0x8 /opt/homebrew/Cellar/arm-none-eabi-gcc/10.3-2021.07/gcc/bin/../lib/gcc/arm-none-eabi/10.3.1/thumb/v7e-m/nofp/libgcc.a(_udivmoddi4.o)
                0x0000000008001f8c                __exidx_end = .

.rel.dyn        0x0000000008001f8c        0x0
 .rel.iplt      0x0000000008001f8c        0x0 /opt/homebrew/Cellar/arm-none-eabi-gcc/10.3-2021.07/gcc/bin/../lib/gcc/arm-none-eabi/10.3.1/thumb/v7e-m/nofp/crtbegin.o

.preinit_array  0x0000000008001f8c        0x0
                0x0000000008001f8c                PROVIDE (__preinit_array_start = .)
 *(.preinit_array*)
                0x0000000008001f8c                PROVIDE (__preinit_array_end = .)

.init_array     0x0000000008001f8c        0x8
                0x0000000008001f8c                PROVIDE (__init_array_start = .)
 *(SORT_BY_NAME(.init_array.*))
 .init_array.00000
                0x0000000008001f8c        0x4 /opt/homebrew/Cellar/arm-none-eabi-gcc/10.3-2021.07/gcc/bin/../lib/gcc/arm-none-eabi/10.3.1/../../../../arm-none-eabi/lib/thumb/v7e-m/nofp/libg.a(lib_a-__call_atexit.o)
 *(.init_array*)
 .init_array    0x0000000008001f90        0x4 /opt/homebrew/Cellar/arm-none-eabi-gcc/10.3-2021.07/gcc/bin/../lib/gcc/arm-none-eabi/10.3.1/thumb/v7e-m/nofp/crtbegin.o
                0x0000000008001f94                PROVIDE (__init_array_end = .)

.fini_array     0x0000000008001f94        0x4
                0x0000000008001f94                PROVIDE (__fini_array_start = .)
 *(SORT_BY_NAME(.fini_array.*))
 *(.fini_array*)
 .fini_array    0x0000000008001f94        0x4 /opt/homebrew/Cellar/arm-none-eabi-gcc/10.3-2021.07/gcc/bin/../lib/gcc/arm-none-eabi/10.3.1/thumb/v7e-m/nofp/crtbegin.o
                0x0000000008001f98                PROVIDE (__fini_array_end = .)
                0x0000000008001f98                _sidata = LOADADDR (.data)

.data           0x0000000020000000      0x43c load address 0x0000000008001f98
                0x0000000020000000                . = ALIGN (0x4)
                0x0000000020000000                _sdata = .
 *(.data)
 *(.data*)
 .data.uwTickFreq
                0x0000000020000000        0x1 CMakeFiles/A1_Drive.elf.dir/Drivers/STM32F4xx_HAL_Driver/Src/stm32f4xx_hal.c.obj
                0x0000000020000000                uwTickFreq
 *fill*         0x0000000020000001        0x3 
 .data.uwTickPrio
                0x0000000020000004        0x4 CMakeFiles/A1_Drive.elf.dir/Drivers/STM32F4xx_HAL_Driver/Src/stm32f4xx_hal.c.obj
                0x0000000020000004                uwTickPrio
 .data.SystemCoreClock
                0x0000000020000008        0x4 CMakeFiles/A1_Drive.elf.dir/Src/system_stm32f4xx.c.obj
                0x0000000020000008                SystemCoreClock
 *fill*         0x000000002000000c        0x4 
 .data.impure_data
                0x0000000020000010      0x428 /opt/homebrew/Cellar/arm-none-eabi-gcc/10.3-2021.07/gcc/bin/../lib/gcc/arm-none-eabi/10.3.1/../../../../arm-none-eabi/lib/thumb/v7e-m/nofp/libg.a(lib_a-impure.o)
 .data.__atexit_recursive_mutex
                0x0000000020000438        0x4 /opt/homebrew/Cellar/arm-none-eabi-gcc/10.3-2021.07/gcc/bin/../lib/gcc/arm-none-eabi/10.3.1/../../../../arm-none-eabi/lib/thumb/v7e-m/nofp/libg.a(lib_a-__call_atexit.o)
                0x0000000020000438                __atexit_recursive_mutex
                0x000000002000043c                . = ALIGN (0x4)
                0x000000002000043c                _edata = .
                0x00000000080023d4                _siccmram = LOADADDR (.ccmram)

.igot.plt       0x000000002000043c        0x0 load address 0x00000000080023d4
 .igot.plt      0x000000002000043c        0x0 /opt/homebrew/Cellar/arm-none-eabi-gcc/10.3-2021.07/gcc/bin/../lib/gcc/arm-none-eabi/10.3.1/thumb/v7e-m/nofp/crtbegin.o

.ccmram         0x0000000010000000        0x0 load address 0x00000000080023d4
                0x0000000010000000                . = ALIGN (0x4)
                0x0000000010000000                _sccmram = .
 *(.ccmram)
 *(.ccmram*)
                0x0000000010000000                . = ALIGN (0x4)
                0x0000000010000000                _eccmram = .
                0x0000000010000000                . = ALIGN (0x4)

.bss            0x000000002000043c       0xec
                0x000000002000043c                _sbss = .
                0x000000002000043c                __bss_start__ = _sbss
 *(.bss)
 .bss           0x000000002000043c       0x1c /opt/homebrew/Cellar/arm-none-eabi-gcc/10.3-2021.07/gcc/bin/../lib/gcc/arm-none-eabi/10.3.1/thumb/v7e-m/nofp/crtbegin.o
 *(.bss*)
 .bss.uwTick    0x0000000020000458        0x4 CMakeFiles/A1_Drive.elf.dir/Drivers/STM32F4xx_HAL_Driver/Src/stm32f4xx_hal.c.obj
                0x0000000020000458                uwTick
 .bss.Motor_u   0x000000002000045c       0x24 CMakeFiles/A1_Drive.elf.dir/Lib/Src/A1_Drive.c.obj
                0x000000002000045c                Motor_u
 .bss.hdma_usart1_tx
                0x0000000020000480       0x60 CMakeFiles/A1_Drive.elf.dir/Src/usart.c.obj
                0x0000000020000480                hdma_usart1_tx
 .bss.huart1    0x00000000200004e0       0x44 CMakeFiles/A1_Drive.elf.dir/Src/usart.c.obj
                0x00000000200004e0                huart1
 .bss.__lock___atexit_recursive_mutex
                0x0000000020000524        0x1 /opt/homebrew/Cellar/arm-none-eabi-gcc/10.3-2021.07/gcc/bin/../lib/gcc/arm-none-eabi/10.3.1/../../../../arm-none-eabi/lib/thumb/v7e-m/nofp/libg.a(lib_a-lock.o)
                0x0000000020000524                __lock___atexit_recursive_mutex
 *(COMMON)
                0x0000000020000528                . = ALIGN (0x4)
 *fill*         0x0000000020000525        0x3 
                0x0000000020000528                _ebss = .
                0x0000000020000528                __bss_end__ = _ebss

._user_heap_stack
                0x0000000020000528      0x600
                0x0000000020000528                . = ALIGN (0x8)
                0x0000000020000528                PROVIDE (end = .)
                [!provide]                        PROVIDE (_end = .)
                0x0000000020000728                . = (. + _Min_Heap_Size)
 *fill*         0x0000000020000528      0x200 
                0x0000000020000b28                . = (. + _Min_Stack_Size)
 *fill*         0x0000000020000728      0x400 
                0x0000000020000b28                . = ALIGN (0x8)

/DISCARD/
 libc.a(*)
 libm.a(*)
 libgcc.a(*)

.ARM.attributes
                0x0000000000000000       0x2a
 *(.ARM.attributes)
 .ARM.attributes
                0x0000000000000000       0x1e /opt/homebrew/Cellar/arm-none-eabi-gcc/10.3-2021.07/gcc/bin/../lib/gcc/arm-none-eabi/10.3.1/thumb/v7e-m/nofp/crti.o
 .ARM.attributes
                0x000000000000001e       0x2e /opt/homebrew/Cellar/arm-none-eabi-gcc/10.3-2021.07/gcc/bin/../lib/gcc/arm-none-eabi/10.3.1/thumb/v7e-m/nofp/crtbegin.o
 .ARM.attributes
                0x000000000000004c       0x2e CMakeFiles/A1_Drive.elf.dir/Drivers/STM32F4xx_HAL_Driver/Src/stm32f4xx_hal.c.obj
 .ARM.attributes
                0x000000000000007a       0x2e CMakeFiles/A1_Drive.elf.dir/Drivers/STM32F4xx_HAL_Driver/Src/stm32f4xx_hal_cortex.c.obj
 .ARM.attributes
                0x00000000000000a8       0x2e CMakeFiles/A1_Drive.elf.dir/Drivers/STM32F4xx_HAL_Driver/Src/stm32f4xx_hal_dma.c.obj
 .ARM.attributes
                0x00000000000000d6       0x2e CMakeFiles/A1_Drive.elf.dir/Drivers/STM32F4xx_HAL_Driver/Src/stm32f4xx_hal_gpio.c.obj
 .ARM.attributes
                0x0000000000000104       0x2e CMakeFiles/A1_Drive.elf.dir/Drivers/STM32F4xx_HAL_Driver/Src/stm32f4xx_hal_rcc.c.obj
 .ARM.attributes
                0x0000000000000132       0x2e CMakeFiles/A1_Drive.elf.dir/Drivers/STM32F4xx_HAL_Driver/Src/stm32f4xx_hal_uart.c.obj
 .ARM.attributes
                0x0000000000000160       0x2e CMakeFiles/A1_Drive.elf.dir/Lib/Src/A1_Drive.c.obj
 .ARM.attributes
                0x000000000000018e       0x2e CMakeFiles/A1_Drive.elf.dir/Src/dma.c.obj
 .ARM.attributes
                0x00000000000001bc       0x2e CMakeFiles/A1_Drive.elf.dir/Src/gpio.c.obj
 .ARM.attributes
                0x00000000000001ea       0x2e CMakeFiles/A1_Drive.elf.dir/Src/main.c.obj
 .ARM.attributes
                0x0000000000000218       0x2e CMakeFiles/A1_Drive.elf.dir/Src/stm32f4xx_hal_msp.c.obj
 .ARM.attributes
                0x0000000000000246       0x2e CMakeFiles/A1_Drive.elf.dir/Src/stm32f4xx_it.c.obj
 .ARM.attributes
                0x0000000000000274       0x2e CMakeFiles/A1_Drive.elf.dir/Src/system_stm32f4xx.c.obj
 .ARM.attributes
                0x00000000000002a2       0x2e CMakeFiles/A1_Drive.elf.dir/Src/usart.c.obj
 .ARM.attributes
                0x00000000000002d0       0x21 CMakeFiles/A1_Drive.elf.dir/startup/startup_stm32f407xx.s.obj
 .ARM.attributes
                0x00000000000002f1       0x1e /opt/homebrew/Cellar/arm-none-eabi-gcc/10.3-2021.07/gcc/bin/../lib/gcc/arm-none-eabi/10.3.1/thumb/v7e-m/nofp/libgcc.a(_aeabi_uldivmod.o)
 .ARM.attributes
                0x000000000000030f       0x2e /opt/homebrew/Cellar/arm-none-eabi-gcc/10.3-2021.07/gcc/bin/../lib/gcc/arm-none-eabi/10.3.1/thumb/v7e-m/nofp/libgcc.a(_udivmoddi4.o)
 .ARM.attributes
                0x000000000000033d       0x1e /opt/homebrew/Cellar/arm-none-eabi-gcc/10.3-2021.07/gcc/bin/../lib/gcc/arm-none-eabi/10.3.1/thumb/v7e-m/nofp/libgcc.a(_dvmd_tls.o)
 .ARM.attributes
                0x000000000000035b       0x2e /opt/homebrew/Cellar/arm-none-eabi-gcc/10.3-2021.07/gcc/bin/../lib/gcc/arm-none-eabi/10.3.1/../../../../arm-none-eabi/lib/thumb/v7e-m/nofp/libg.a(lib_a-impure.o)
 .ARM.attributes
                0x0000000000000389       0x2e /opt/homebrew/Cellar/arm-none-eabi-gcc/10.3-2021.07/gcc/bin/../lib/gcc/arm-none-eabi/10.3.1/../../../../arm-none-eabi/lib/thumb/v7e-m/nofp/libg.a(lib_a-init.o)
 .ARM.attributes
                0x00000000000003b7       0x2e /opt/homebrew/Cellar/arm-none-eabi-gcc/10.3-2021.07/gcc/bin/../lib/gcc/arm-none-eabi/10.3.1/../../../../arm-none-eabi/lib/thumb/v7e-m/nofp/libg.a(lib_a-memset.o)
 .ARM.attributes
                0x00000000000003e5       0x2e /opt/homebrew/Cellar/arm-none-eabi-gcc/10.3-2021.07/gcc/bin/../lib/gcc/arm-none-eabi/10.3.1/../../../../arm-none-eabi/lib/thumb/v7e-m/nofp/libg.a(lib_a-__call_atexit.o)
 .ARM.attributes
                0x0000000000000413       0x2e /opt/homebrew/Cellar/arm-none-eabi-gcc/10.3-2021.07/gcc/bin/../lib/gcc/arm-none-eabi/10.3.1/../../../../arm-none-eabi/lib/thumb/v7e-m/nofp/libg.a(lib_a-atexit.o)
 .ARM.attributes
                0x0000000000000441       0x2e /opt/homebrew/Cellar/arm-none-eabi-gcc/10.3-2021.07/gcc/bin/../lib/gcc/arm-none-eabi/10.3.1/../../../../arm-none-eabi/lib/thumb/v7e-m/nofp/libg.a(lib_a-fini.o)
 .ARM.attributes
                0x000000000000046f       0x2e /opt/homebrew/Cellar/arm-none-eabi-gcc/10.3-2021.07/gcc/bin/../lib/gcc/arm-none-eabi/10.3.1/../../../../arm-none-eabi/lib/thumb/v7e-m/nofp/libg.a(lib_a-lock.o)
 .ARM.attributes
                0x000000000000049d       0x2e /opt/homebrew/Cellar/arm-none-eabi-gcc/10.3-2021.07/gcc/bin/../lib/gcc/arm-none-eabi/10.3.1/../../../../arm-none-eabi/lib/thumb/v7e-m/nofp/libg.a(lib_a-__atexit.o)
 .ARM.attributes
                0x00000000000004cb       0x1e /opt/homebrew/Cellar/arm-none-eabi-gcc/10.3-2021.07/gcc/bin/../lib/gcc/arm-none-eabi/10.3.1/thumb/v7e-m/nofp/crtn.o
OUTPUT(A1_Drive.elf elf32-littlearm)
LOAD linker stubs
LOAD /opt/homebrew/Cellar/arm-none-eabi-gcc/10.3-2021.07/gcc/bin/../lib/gcc/arm-none-eabi/10.3.1/../../../../arm-none-eabi/lib/thumb/v7e-m/nofp/libc.a
LOAD /opt/homebrew/Cellar/arm-none-eabi-gcc/10.3-2021.07/gcc/bin/../lib/gcc/arm-none-eabi/10.3.1/../../../../arm-none-eabi/lib/thumb/v7e-m/nofp/libm.a
LOAD /opt/homebrew/Cellar/arm-none-eabi-gcc/10.3-2021.07/gcc/bin/../lib/gcc/arm-none-eabi/10.3.1/thumb/v7e-m/nofp/libgcc.a

.debug_info     0x0000000000000000     0xad40
 .debug_info    0x0000000000000000      0x9f0 CMakeFiles/A1_Drive.elf.dir/Drivers/STM32F4xx_HAL_Driver/Src/stm32f4xx_hal.c.obj
 .debug_info    0x00000000000009f0     0x1098 CMakeFiles/A1_Drive.elf.dir/Drivers/STM32F4xx_HAL_Driver/Src/stm32f4xx_hal_cortex.c.obj
 .debug_info    0x0000000000001a88      0xb3f CMakeFiles/A1_Drive.elf.dir/Drivers/STM32F4xx_HAL_Driver/Src/stm32f4xx_hal_dma.c.obj
 .debug_info    0x00000000000025c7      0x7b0 CMakeFiles/A1_Drive.elf.dir/Drivers/STM32F4xx_HAL_Driver/Src/stm32f4xx_hal_gpio.c.obj
 .debug_info    0x0000000000002d77      0xb03 CMakeFiles/A1_Drive.elf.dir/Drivers/STM32F4xx_HAL_Driver/Src/stm32f4xx_hal_rcc.c.obj
 .debug_info    0x000000000000387a     0x4233 CMakeFiles/A1_Drive.elf.dir/Drivers/STM32F4xx_HAL_Driver/Src/stm32f4xx_hal_uart.c.obj
 .debug_info    0x0000000000007aad      0x97d CMakeFiles/A1_Drive.elf.dir/Lib/Src/A1_Drive.c.obj
 .debug_info    0x000000000000842a      0x4fc CMakeFiles/A1_Drive.elf.dir/Src/dma.c.obj
 .debug_info    0x0000000000008926      0x45c CMakeFiles/A1_Drive.elf.dir/Src/gpio.c.obj
 .debug_info    0x0000000000008d82      0x5d1 CMakeFiles/A1_Drive.elf.dir/Src/main.c.obj
 .debug_info    0x0000000000009353      0x2a4 CMakeFiles/A1_Drive.elf.dir/Src/stm32f4xx_hal_msp.c.obj
 .debug_info    0x00000000000095f7      0x6a3 CMakeFiles/A1_Drive.elf.dir/Src/stm32f4xx_it.c.obj
 .debug_info    0x0000000000009c9a      0x37d CMakeFiles/A1_Drive.elf.dir/Src/system_stm32f4xx.c.obj
 .debug_info    0x000000000000a017      0xd07 CMakeFiles/A1_Drive.elf.dir/Src/usart.c.obj
 .debug_info    0x000000000000ad1e       0x22 CMakeFiles/A1_Drive.elf.dir/startup/startup_stm32f407xx.s.obj

.debug_abbrev   0x0000000000000000     0x1b79
 .debug_abbrev  0x0000000000000000      0x206 CMakeFiles/A1_Drive.elf.dir/Drivers/STM32F4xx_HAL_Driver/Src/stm32f4xx_hal.c.obj
 .debug_abbrev  0x0000000000000206      0x36a CMakeFiles/A1_Drive.elf.dir/Drivers/STM32F4xx_HAL_Driver/Src/stm32f4xx_hal_cortex.c.obj
 .debug_abbrev  0x0000000000000570      0x2c2 CMakeFiles/A1_Drive.elf.dir/Drivers/STM32F4xx_HAL_Driver/Src/stm32f4xx_hal_dma.c.obj
 .debug_abbrev  0x0000000000000832      0x1ef CMakeFiles/A1_Drive.elf.dir/Drivers/STM32F4xx_HAL_Driver/Src/stm32f4xx_hal_gpio.c.obj
 .debug_abbrev  0x0000000000000a21      0x28a CMakeFiles/A1_Drive.elf.dir/Drivers/STM32F4xx_HAL_Driver/Src/stm32f4xx_hal_rcc.c.obj
 .debug_abbrev  0x0000000000000cab      0x2f6 CMakeFiles/A1_Drive.elf.dir/Drivers/STM32F4xx_HAL_Driver/Src/stm32f4xx_hal_uart.c.obj
 .debug_abbrev  0x0000000000000fa1      0x250 CMakeFiles/A1_Drive.elf.dir/Lib/Src/A1_Drive.c.obj
 .debug_abbrev  0x00000000000011f1      0x126 CMakeFiles/A1_Drive.elf.dir/Src/dma.c.obj
 .debug_abbrev  0x0000000000001317      0x14e CMakeFiles/A1_Drive.elf.dir/Src/gpio.c.obj
 .debug_abbrev  0x0000000000001465      0x1c2 CMakeFiles/A1_Drive.elf.dir/Src/main.c.obj
 .debug_abbrev  0x0000000000001627       0xd1 CMakeFiles/A1_Drive.elf.dir/Src/stm32f4xx_hal_msp.c.obj
 .debug_abbrev  0x00000000000016f8      0x167 CMakeFiles/A1_Drive.elf.dir/Src/stm32f4xx_it.c.obj
 .debug_abbrev  0x000000000000185f      0x119 CMakeFiles/A1_Drive.elf.dir/Src/system_stm32f4xx.c.obj
 .debug_abbrev  0x0000000000001978      0x1ef CMakeFiles/A1_Drive.elf.dir/Src/usart.c.obj
 .debug_abbrev  0x0000000000001b67       0x12 CMakeFiles/A1_Drive.elf.dir/startup/startup_stm32f407xx.s.obj

.debug_loc      0x0000000000000000     0x6d16
 .debug_loc     0x0000000000000000      0x141 CMakeFiles/A1_Drive.elf.dir/Drivers/STM32F4xx_HAL_Driver/Src/stm32f4xx_hal.c.obj
 .debug_loc     0x0000000000000141      0x744 CMakeFiles/A1_Drive.elf.dir/Drivers/STM32F4xx_HAL_Driver/Src/stm32f4xx_hal_cortex.c.obj
 .debug_loc     0x0000000000000885      0xbf9 CMakeFiles/A1_Drive.elf.dir/Drivers/STM32F4xx_HAL_Driver/Src/stm32f4xx_hal_dma.c.obj
 .debug_loc     0x000000000000147e      0x520 CMakeFiles/A1_Drive.elf.dir/Drivers/STM32F4xx_HAL_Driver/Src/stm32f4xx_hal_gpio.c.obj
 .debug_loc     0x000000000000199e      0x58c CMakeFiles/A1_Drive.elf.dir/Drivers/STM32F4xx_HAL_Driver/Src/stm32f4xx_hal_rcc.c.obj
 .debug_loc     0x0000000000001f2a     0x49eb CMakeFiles/A1_Drive.elf.dir/Drivers/STM32F4xx_HAL_Driver/Src/stm32f4xx_hal_uart.c.obj
 .debug_loc     0x0000000000006915      0x238 CMakeFiles/A1_Drive.elf.dir/Lib/Src/A1_Drive.c.obj
 .debug_loc     0x0000000000006b4d      0x158 CMakeFiles/A1_Drive.elf.dir/Src/system_stm32f4xx.c.obj
 .debug_loc     0x0000000000006ca5       0x71 CMakeFiles/A1_Drive.elf.dir/Src/usart.c.obj

.debug_aranges  0x0000000000000000      0x6c0
 .debug_aranges
                0x0000000000000000       0xf0 CMakeFiles/A1_Drive.elf.dir/Drivers/STM32F4xx_HAL_Driver/Src/stm32f4xx_hal.c.obj
 .debug_aranges
                0x00000000000000f0       0xa8 CMakeFiles/A1_Drive.elf.dir/Drivers/STM32F4xx_HAL_Driver/Src/stm32f4xx_hal_cortex.c.obj
 .debug_aranges
                0x0000000000000198       0x90 CMakeFiles/A1_Drive.elf.dir/Drivers/STM32F4xx_HAL_Driver/Src/stm32f4xx_hal_dma.c.obj
 .debug_aranges
                0x0000000000000228       0x58 CMakeFiles/A1_Drive.elf.dir/Drivers/STM32F4xx_HAL_Driver/Src/stm32f4xx_hal_gpio.c.obj
 .debug_aranges
                0x0000000000000280       0x88 CMakeFiles/A1_Drive.elf.dir/Drivers/STM32F4xx_HAL_Driver/Src/stm32f4xx_hal_rcc.c.obj
 .debug_aranges
                0x0000000000000308      0x200 CMakeFiles/A1_Drive.elf.dir/Drivers/STM32F4xx_HAL_Driver/Src/stm32f4xx_hal_uart.c.obj
 .debug_aranges
                0x0000000000000508       0x38 CMakeFiles/A1_Drive.elf.dir/Lib/Src/A1_Drive.c.obj
 .debug_aranges
                0x0000000000000540       0x20 CMakeFiles/A1_Drive.elf.dir/Src/dma.c.obj
 .debug_aranges
                0x0000000000000560       0x20 CMakeFiles/A1_Drive.elf.dir/Src/gpio.c.obj
 .debug_aranges
                0x0000000000000580       0x30 CMakeFiles/A1_Drive.elf.dir/Src/main.c.obj
 .debug_aranges
                0x00000000000005b0       0x20 CMakeFiles/A1_Drive.elf.dir/Src/stm32f4xx_hal_msp.c.obj
 .debug_aranges
                0x00000000000005d0       0x70 CMakeFiles/A1_Drive.elf.dir/Src/stm32f4xx_it.c.obj
 .debug_aranges
                0x0000000000000640       0x28 CMakeFiles/A1_Drive.elf.dir/Src/system_stm32f4xx.c.obj
 .debug_aranges
                0x0000000000000668       0x30 CMakeFiles/A1_Drive.elf.dir/Src/usart.c.obj
 .debug_aranges
                0x0000000000000698       0x28 CMakeFiles/A1_Drive.elf.dir/startup/startup_stm32f407xx.s.obj

.debug_ranges   0x0000000000000000      0x6a0
 .debug_ranges  0x0000000000000000       0xe0 CMakeFiles/A1_Drive.elf.dir/Drivers/STM32F4xx_HAL_Driver/Src/stm32f4xx_hal.c.obj
 .debug_ranges  0x00000000000000e0       0xf8 CMakeFiles/A1_Drive.elf.dir/Drivers/STM32F4xx_HAL_Driver/Src/stm32f4xx_hal_cortex.c.obj
 .debug_ranges  0x00000000000001d8       0x80 CMakeFiles/A1_Drive.elf.dir/Drivers/STM32F4xx_HAL_Driver/Src/stm32f4xx_hal_dma.c.obj
 .debug_ranges  0x0000000000000258       0x48 CMakeFiles/A1_Drive.elf.dir/Drivers/STM32F4xx_HAL_Driver/Src/stm32f4xx_hal_gpio.c.obj
 .debug_ranges  0x00000000000002a0       0x90 CMakeFiles/A1_Drive.elf.dir/Drivers/STM32F4xx_HAL_Driver/Src/stm32f4xx_hal_rcc.c.obj
 .debug_ranges  0x0000000000000330      0x208 CMakeFiles/A1_Drive.elf.dir/Drivers/STM32F4xx_HAL_Driver/Src/stm32f4xx_hal_uart.c.obj
 .debug_ranges  0x0000000000000538       0x60 CMakeFiles/A1_Drive.elf.dir/Lib/Src/A1_Drive.c.obj
 .debug_ranges  0x0000000000000598       0x10 CMakeFiles/A1_Drive.elf.dir/Src/dma.c.obj
 .debug_ranges  0x00000000000005a8       0x10 CMakeFiles/A1_Drive.elf.dir/Src/gpio.c.obj
 .debug_ranges  0x00000000000005b8       0x20 CMakeFiles/A1_Drive.elf.dir/Src/main.c.obj
 .debug_ranges  0x00000000000005d8       0x10 CMakeFiles/A1_Drive.elf.dir/Src/stm32f4xx_hal_msp.c.obj
 .debug_ranges  0x00000000000005e8       0x60 CMakeFiles/A1_Drive.elf.dir/Src/stm32f4xx_it.c.obj
 .debug_ranges  0x0000000000000648       0x18 CMakeFiles/A1_Drive.elf.dir/Src/system_stm32f4xx.c.obj
 .debug_ranges  0x0000000000000660       0x20 CMakeFiles/A1_Drive.elf.dir/Src/usart.c.obj
 .debug_ranges  0x0000000000000680       0x20 CMakeFiles/A1_Drive.elf.dir/startup/startup_stm32f407xx.s.obj

.debug_line     0x0000000000000000     0x911e
 .debug_line    0x0000000000000000      0x633 CMakeFiles/A1_Drive.elf.dir/Drivers/STM32F4xx_HAL_Driver/Src/stm32f4xx_hal.c.obj
 .debug_line    0x0000000000000633      0x846 CMakeFiles/A1_Drive.elf.dir/Drivers/STM32F4xx_HAL_Driver/Src/stm32f4xx_hal_cortex.c.obj
 .debug_line    0x0000000000000e79      0xec5 CMakeFiles/A1_Drive.elf.dir/Drivers/STM32F4xx_HAL_Driver/Src/stm32f4xx_hal_dma.c.obj
 .debug_line    0x0000000000001d3e      0x77e CMakeFiles/A1_Drive.elf.dir/Drivers/STM32F4xx_HAL_Driver/Src/stm32f4xx_hal_gpio.c.obj
 .debug_line    0x00000000000024bc      0xbac CMakeFiles/A1_Drive.elf.dir/Drivers/STM32F4xx_HAL_Driver/Src/stm32f4xx_hal_rcc.c.obj
 .debug_line    0x0000000000003068     0x46a6 CMakeFiles/A1_Drive.elf.dir/Drivers/STM32F4xx_HAL_Driver/Src/stm32f4xx_hal_uart.c.obj
 .debug_line    0x000000000000770e      0x49b CMakeFiles/A1_Drive.elf.dir/Lib/Src/A1_Drive.c.obj
 .debug_line    0x0000000000007ba9      0x21b CMakeFiles/A1_Drive.elf.dir/Src/dma.c.obj
 .debug_line    0x0000000000007dc4      0x24e CMakeFiles/A1_Drive.elf.dir/Src/gpio.c.obj
 .debug_line    0x0000000000008012      0x456 CMakeFiles/A1_Drive.elf.dir/Src/main.c.obj
 .debug_line    0x0000000000008468      0x1c1 CMakeFiles/A1_Drive.elf.dir/Src/stm32f4xx_hal_msp.c.obj
 .debug_line    0x0000000000008629      0x381 CMakeFiles/A1_Drive.elf.dir/Src/stm32f4xx_it.c.obj
 .debug_line    0x00000000000089aa      0x28a CMakeFiles/A1_Drive.elf.dir/Src/system_stm32f4xx.c.obj
 .debug_line    0x0000000000008c34      0x43b CMakeFiles/A1_Drive.elf.dir/Src/usart.c.obj
 .debug_line    0x000000000000906f       0xaf CMakeFiles/A1_Drive.elf.dir/startup/startup_stm32f407xx.s.obj

.debug_str      0x0000000000000000     0x280d
 .debug_str     0x0000000000000000      0xb4f CMakeFiles/A1_Drive.elf.dir/Drivers/STM32F4xx_HAL_Driver/Src/stm32f4xx_hal.c.obj
                                        0xba8 (size before relaxing)
 .debug_str     0x0000000000000b4f      0x4ea CMakeFiles/A1_Drive.elf.dir/Drivers/STM32F4xx_HAL_Driver/Src/stm32f4xx_hal_cortex.c.obj
                                        0xc7a (size before relaxing)
 .debug_str     0x0000000000001039      0x563 CMakeFiles/A1_Drive.elf.dir/Drivers/STM32F4xx_HAL_Driver/Src/stm32f4xx_hal_dma.c.obj
                                        0x7c4 (size before relaxing)
 .debug_str     0x000000000000159c      0x20c CMakeFiles/A1_Drive.elf.dir/Drivers/STM32F4xx_HAL_Driver/Src/stm32f4xx_hal_gpio.c.obj
                                        0x52e (size before relaxing)
 .debug_str     0x00000000000017a8      0x34f CMakeFiles/A1_Drive.elf.dir/Drivers/STM32F4xx_HAL_Driver/Src/stm32f4xx_hal_rcc.c.obj
                                        0x754 (size before relaxing)
 .debug_str     0x0000000000001af7      0x831 CMakeFiles/A1_Drive.elf.dir/Drivers/STM32F4xx_HAL_Driver/Src/stm32f4xx_hal_uart.c.obj
                                        0xda7 (size before relaxing)
 .debug_str     0x0000000000002328      0x161 CMakeFiles/A1_Drive.elf.dir/Lib/Src/A1_Drive.c.obj
                                        0x7a9 (size before relaxing)
 .debug_str     0x0000000000002489       0x47 CMakeFiles/A1_Drive.elf.dir/Src/dma.c.obj
                                        0x80c (size before relaxing)
 .debug_str     0x00000000000024d0       0x49 CMakeFiles/A1_Drive.elf.dir/Src/gpio.c.obj
                                        0x3b5 (size before relaxing)
 .debug_str     0x0000000000002519       0x95 CMakeFiles/A1_Drive.elf.dir/Src/main.c.obj
                                        0x505 (size before relaxing)
 .debug_str     0x00000000000025ae       0x49 CMakeFiles/A1_Drive.elf.dir/Src/stm32f4xx_hal_msp.c.obj
                                        0x304 (size before relaxing)
 .debug_str     0x00000000000025f7       0xfe CMakeFiles/A1_Drive.elf.dir/Src/stm32f4xx_it.c.obj
                                        0x73a (size before relaxing)
 .debug_str     0x00000000000026f5       0x73 CMakeFiles/A1_Drive.elf.dir/Src/system_stm32f4xx.c.obj
                                        0x36a (size before relaxing)
 .debug_str     0x0000000000002768       0x48 CMakeFiles/A1_Drive.elf.dir/Src/usart.c.obj
                                        0xd9a (size before relaxing)
 .debug_str     0x00000000000027b0       0x5d CMakeFiles/A1_Drive.elf.dir/startup/startup_stm32f407xx.s.obj
                                         0xa0 (size before relaxing)

.comment        0x0000000000000000       0x49
 .comment       0x0000000000000000       0x49 CMakeFiles/A1_Drive.elf.dir/Drivers/STM32F4xx_HAL_Driver/Src/stm32f4xx_hal.c.obj
                                         0x4a (size before relaxing)
 .comment       0x0000000000000049       0x4a CMakeFiles/A1_Drive.elf.dir/Drivers/STM32F4xx_HAL_Driver/Src/stm32f4xx_hal_cortex.c.obj
 .comment       0x0000000000000049       0x4a CMakeFiles/A1_Drive.elf.dir/Drivers/STM32F4xx_HAL_Driver/Src/stm32f4xx_hal_dma.c.obj
 .comment       0x0000000000000049       0x4a CMakeFiles/A1_Drive.elf.dir/Drivers/STM32F4xx_HAL_Driver/Src/stm32f4xx_hal_gpio.c.obj
 .comment       0x0000000000000049       0x4a CMakeFiles/A1_Drive.elf.dir/Drivers/STM32F4xx_HAL_Driver/Src/stm32f4xx_hal_rcc.c.obj
 .comment       0x0000000000000049       0x4a CMakeFiles/A1_Drive.elf.dir/Drivers/STM32F4xx_HAL_Driver/Src/stm32f4xx_hal_uart.c.obj
 .comment       0x0000000000000049       0x4a CMakeFiles/A1_Drive.elf.dir/Lib/Src/A1_Drive.c.obj
 .comment       0x0000000000000049       0x4a CMakeFiles/A1_Drive.elf.dir/Src/dma.c.obj
 .comment       0x0000000000000049       0x4a CMakeFiles/A1_Drive.elf.dir/Src/gpio.c.obj
 .comment       0x0000000000000049       0x4a CMakeFiles/A1_Drive.elf.dir/Src/main.c.obj
 .comment       0x0000000000000049       0x4a CMakeFiles/A1_Drive.elf.dir/Src/stm32f4xx_hal_msp.c.obj
 .comment       0x0000000000000049       0x4a CMakeFiles/A1_Drive.elf.dir/Src/stm32f4xx_it.c.obj
 .comment       0x0000000000000049       0x4a CMakeFiles/A1_Drive.elf.dir/Src/system_stm32f4xx.c.obj
 .comment       0x0000000000000049       0x4a CMakeFiles/A1_Drive.elf.dir/Src/usart.c.obj

.debug_frame    0x0000000000000000     0x11d0
 .debug_frame   0x0000000000000000      0x1ec CMakeFiles/A1_Drive.elf.dir/Drivers/STM32F4xx_HAL_Driver/Src/stm32f4xx_hal.c.obj
 .debug_frame   0x00000000000001ec      0x148 CMakeFiles/A1_Drive.elf.dir/Drivers/STM32F4xx_HAL_Driver/Src/stm32f4xx_hal_cortex.c.obj
 .debug_frame   0x0000000000000334      0x188 CMakeFiles/A1_Drive.elf.dir/Drivers/STM32F4xx_HAL_Driver/Src/stm32f4xx_hal_dma.c.obj
 .debug_frame   0x00000000000004bc       0xd8 CMakeFiles/A1_Drive.elf.dir/Drivers/STM32F4xx_HAL_Driver/Src/stm32f4xx_hal_gpio.c.obj
 .debug_frame   0x0000000000000594      0x16c CMakeFiles/A1_Drive.elf.dir/Drivers/STM32F4xx_HAL_Driver/Src/stm32f4xx_hal_rcc.c.obj
 .debug_frame   0x0000000000000700      0x5cc CMakeFiles/A1_Drive.elf.dir/Drivers/STM32F4xx_HAL_Driver/Src/stm32f4xx_hal_uart.c.obj
 .debug_frame   0x0000000000000ccc       0x6c CMakeFiles/A1_Drive.elf.dir/Lib/Src/A1_Drive.c.obj
 .debug_frame   0x0000000000000d38       0x2c CMakeFiles/A1_Drive.elf.dir/Src/dma.c.obj
 .debug_frame   0x0000000000000d64       0x30 CMakeFiles/A1_Drive.elf.dir/Src/gpio.c.obj
 .debug_frame   0x0000000000000d94       0x58 CMakeFiles/A1_Drive.elf.dir/Src/main.c.obj
 .debug_frame   0x0000000000000dec       0x28 CMakeFiles/A1_Drive.elf.dir/Src/stm32f4xx_hal_msp.c.obj
 .debug_frame   0x0000000000000e14       0xd8 CMakeFiles/A1_Drive.elf.dir/Src/stm32f4xx_it.c.obj
 .debug_frame   0x0000000000000eec       0x30 CMakeFiles/A1_Drive.elf.dir/Src/system_stm32f4xx.c.obj
 .debug_frame   0x0000000000000f1c       0x68 CMakeFiles/A1_Drive.elf.dir/Src/usart.c.obj
 .debug_frame   0x0000000000000f84       0x2c /opt/homebrew/Cellar/arm-none-eabi-gcc/10.3-2021.07/gcc/bin/../lib/gcc/arm-none-eabi/10.3.1/thumb/v7e-m/nofp/libgcc.a(_aeabi_uldivmod.o)
 .debug_frame   0x0000000000000fb0       0x34 /opt/homebrew/Cellar/arm-none-eabi-gcc/10.3-2021.07/gcc/bin/../lib/gcc/arm-none-eabi/10.3.1/thumb/v7e-m/nofp/libgcc.a(_udivmoddi4.o)
 .debug_frame   0x0000000000000fe4       0x2c /opt/homebrew/Cellar/arm-none-eabi-gcc/10.3-2021.07/gcc/bin/../lib/gcc/arm-none-eabi/10.3.1/../../../../arm-none-eabi/lib/thumb/v7e-m/nofp/libg.a(lib_a-init.o)
 .debug_frame   0x0000000000001010       0x2c /opt/homebrew/Cellar/arm-none-eabi-gcc/10.3-2021.07/gcc/bin/../lib/gcc/arm-none-eabi/10.3.1/../../../../arm-none-eabi/lib/thumb/v7e-m/nofp/libg.a(lib_a-memset.o)
 .debug_frame   0x000000000000103c       0x5c /opt/homebrew/Cellar/arm-none-eabi-gcc/10.3-2021.07/gcc/bin/../lib/gcc/arm-none-eabi/10.3.1/../../../../arm-none-eabi/lib/thumb/v7e-m/nofp/libg.a(lib_a-__call_atexit.o)
 .debug_frame   0x0000000000001098       0x20 /opt/homebrew/Cellar/arm-none-eabi-gcc/10.3-2021.07/gcc/bin/../lib/gcc/arm-none-eabi/10.3.1/../../../../arm-none-eabi/lib/thumb/v7e-m/nofp/libg.a(lib_a-atexit.o)
 .debug_frame   0x00000000000010b8       0x34 /opt/homebrew/Cellar/arm-none-eabi-gcc/10.3-2021.07/gcc/bin/../lib/gcc/arm-none-eabi/10.3.1/../../../../arm-none-eabi/lib/thumb/v7e-m/nofp/libg.a(lib_a-fini.o)
 .debug_frame   0x00000000000010ec       0xb0 /opt/homebrew/Cellar/arm-none-eabi-gcc/10.3-2021.07/gcc/bin/../lib/gcc/arm-none-eabi/10.3.1/../../../../arm-none-eabi/lib/thumb/v7e-m/nofp/libg.a(lib_a-lock.o)
 .debug_frame   0x000000000000119c       0x34 /opt/homebrew/Cellar/arm-none-eabi-gcc/10.3-2021.07/gcc/bin/../lib/gcc/arm-none-eabi/10.3.1/../../../../arm-none-eabi/lib/thumb/v7e-m/nofp/libg.a(lib_a-__atexit.o)
